// Jest Snapshot v1, https://goo.gl/fbAQLP

exports[`PostImage should render correctly 1`] = `
<DocumentFragment>
  <div
    class="img"
  >
    <img
      alt="imgSrc"
      src="imgSrc"
    />
  </div>
</DocumentFragment>
`;
