// Jest Snapshot v1, https://goo.gl/fbAQLP

exports[`Footer should render correctly 1`] = `
<DocumentFragment>
  <div
    class="footer"
  >
    <p>
      @artifact.com 2023
    </p>
  </div>
</DocumentFragment>
`;
